*$FROM Parser/Program/Program
$EXTERN Program;

/*
    <Parse t.Token*> == t.Errors t.TreeNode
    t.Errors ::= (ERR t.Error*)
    t.Error ::= s.Char*
    t.TreeNode ::= (s.Nterm (s.Token*) t.TreeNode*)
*/
$ENTRY Parse {
    e.Tokens
        , <Program () e.Tokens '$' (ERR)> : {
            t.ParseTree '$' t.Errors = t.ParseTree t.Errors;
            t.ParseTree t.Token e._ (e.Errors)
                = t.ParseTree (e.Errors (Token t.Token didnt recognized));
        };
}
