*$FROM Parser/Block/Block
$EXTERN Block;

$ENTRY Program {
    /* Program -> Block */
    () (Block e.B) e.Tokens t.Errs
        = <Program ((Block e.B)) e.Tokens t.Errs>;
    () e.Tokens t.Errs
        = <Program () <Block () e.Tokens t.Errs>>;

    (t.B) e.Tokens t.Errs
        = (Program (Block) t.B) e.Tokens t.Errs;
}
